neither
neither
neither
neither
neither
neither
neither
neither
neither
neither
neither
neither
neither
neither
neither
neither
neither
neither
neither
neither
neither
neither
neither
neither
neither
neither
neither
neither
neither
neither
neither
neither
neither
neither
neither
neither
decimal
neither
neither
neither
neither
neither
neither
neither
neither
neither
neither
neither
neither
neither
neither
neither
neither
neither
neither
neither
neither
neither
neither
neither
neither
neither
neither
neither
neither
neither
neither
neither
neither
neither
neither
neither
neither
neither
neither
neither
neither
neither
neither
binary
neither
neither
neither
neither
neither
neither
neither
neither
neither
neither
neither
neither
neither
neither
neither
neither
neither
neither
neither
neither
