neither
decimal
neither
neither
neither
neither
neither
neither
decimal
decimal
neither
neither
decimal
neither
neither
neither
neither
neither
neither
decimal
neither
decimal
neither
neither
decimal
decimal
neither
decimal
decimal
neither
decimal
neither
decimal
decimal
decimal
neither
neither
neither
neither
decimal
neither
neither
neither
decimal
neither
decimal
neither
neither
decimal
neither
neither
decimal
neither
neither
decimal
neither
neither
neither
decimal
neither
decimal
neither
neither
neither
decimal
neither
neither
decimal
neither
decimal
neither
decimal
decimal
neither
neither
decimal
decimal
decimal
neither
neither
decimal
decimal
neither
decimal
neither
neither
decimal
neither
neither
neither
neither
neither
neither
decimal
decimal
decimal
neither
decimal
decimal
neither
decimal
decimal
neither
decimal
neither
neither
decimal
decimal
neither
neither
decimal
neither
neither
decimal
decimal
neither
decimal
neither
neither
neither
decimal
decimal
decimal
decimal
decimal
neither
neither
decimal
decimal
decimal
decimal
decimal
decimal
neither
decimal
neither
decimal
neither
neither
decimal
decimal
neither
neither
neither
decimal
neither
decimal
neither
neither
decimal
decimal
decimal
decimal
neither
neither
neither
decimal
decimal
decimal
neither
decimal
decimal
neither
decimal
neither
neither
neither
neither
decimal
neither
neither
decimal
neither
neither
neither
decimal
decimal
decimal
neither
neither
neither
neither
decimal
decimal
neither
neither
neither
decimal
decimal
decimal
neither
neither
decimal
neither
decimal
neither
decimal
decimal
neither
decimal
neither
neither
neither
neither
neither
neither
neither
decimal
neither
decimal
decimal
decimal
decimal
decimal
decimal
neither
neither
neither
neither
decimal
neither
neither
decimal
neither
decimal
neither
neither
neither
decimal
neither
neither
decimal
decimal
neither
neither
decimal
decimal
neither
neither
neither
neither
decimal
decimal
neither
decimal
neither
decimal
decimal
decimal
decimal
decimal
decimal
neither
decimal
decimal
decimal
neither
decimal
neither
neither
neither
neither
decimal
neither
decimal
neither
neither
neither
decimal
decimal
neither
decimal
decimal
neither
decimal
neither
decimal
neither
decimal
decimal
decimal
decimal
decimal
neither
decimal
neither
neither
neither
decimal
neither
neither
decimal
decimal
decimal
neither
decimal
neither
neither
neither
neither
decimal
neither
decimal
neither
decimal
neither
neither
neither
decimal
neither
decimal
neither
neither
neither
decimal
decimal
decimal
neither
decimal
decimal
neither
neither
decimal
decimal
neither
decimal
decimal
decimal
neither
decimal
neither
decimal
neither
neither
neither
neither
decimal
decimal
decimal
neither
neither
neither
neither
neither
decimal
decimal
neither
decimal
neither
decimal
decimal
decimal
decimal
neither
decimal
neither
neither
neither
neither
decimal
decimal
neither
decimal
neither
decimal
decimal
neither
decimal
neither
decimal
neither
neither
decimal
neither
neither
neither
neither
neither
neither
decimal
neither
decimal
neither
decimal
neither
decimal
decimal
decimal
neither
neither
neither
neither
neither
decimal
decimal
neither
neither
neither
neither
neither
neither
decimal
decimal
decimal
decimal
decimal
neither
decimal
neither
neither
neither
decimal
decimal
decimal
neither
decimal
decimal
decimal
decimal
decimal
neither
decimal
neither
neither
neither
decimal
decimal
decimal
neither
decimal
decimal
neither
neither
neither
decimal
neither
decimal
decimal
neither
decimal
decimal
neither
neither
decimal
decimal
neither
neither
neither
neither
neither
decimal
neither
decimal
decimal
decimal
decimal
neither
decimal
neither
neither
decimal
decimal
neither
neither
neither
neither
neither
decimal
neither
neither
neither
neither
neither
decimal
neither
neither
neither
decimal
neither
neither
decimal
neither
neither
neither
neither
decimal
decimal
decimal
decimal
decimal
decimal
neither
decimal
neither
neither
neither
neither
neither
decimal
neither
neither
neither
decimal
neither
neither
decimal
neither
decimal
decimal
neither
neither
decimal
neither
decimal
decimal
decimal
decimal
decimal
neither
decimal
decimal
decimal
neither
neither
decimal
decimal
decimal
neither
decimal
decimal
decimal
decimal
neither
neither
decimal
neither
decimal
decimal
neither
neither
neither
decimal
neither
decimal
neither
decimal
neither
decimal
neither
neither
decimal
decimal
decimal
neither
decimal
decimal
neither
neither
neither
decimal
decimal
decimal
neither
neither
decimal
decimal
decimal
decimal
neither
decimal
decimal
decimal
neither
neither
decimal
neither
decimal
decimal
neither
neither
neither
decimal
neither
neither
decimal
neither
decimal
neither
decimal
decimal
decimal
neither
decimal
decimal
neither
decimal
decimal
decimal
decimal
neither
decimal
decimal
neither
neither
neither
neither
decimal
decimal
decimal
neither
decimal
neither
neither
neither
decimal
decimal
decimal
decimal
decimal
decimal
neither
neither
decimal
decimal
neither
decimal
neither
decimal
decimal
neither
decimal
neither
decimal
neither
neither
decimal
decimal
decimal
decimal
decimal
decimal
decimal
neither
decimal
neither
decimal
decimal
neither
neither
decimal
decimal
neither
neither
decimal
decimal
neither
neither
neither
decimal
decimal
decimal
neither
neither
neither
neither
decimal
neither
decimal
decimal
neither
decimal
neither
decimal
neither
decimal
neither
decimal
neither
neither
decimal
neither
neither
decimal
neither
decimal
decimal
decimal
decimal
decimal
decimal
decimal
decimal
decimal
decimal
decimal
decimal
decimal
decimal
decimal
neither
decimal
decimal
decimal
neither
decimal
decimal
decimal
decimal
decimal
neither
decimal
decimal
decimal
decimal
decimal
neither
neither
neither
decimal
decimal
neither
neither
decimal
neither
decimal
neither
decimal
neither
decimal
neither
decimal
neither
neither
decimal
decimal
neither
decimal
decimal
neither
decimal
decimal
neither
decimal
decimal
neither
decimal
neither
neither
neither
neither
neither
neither
neither
decimal
decimal
decimal
decimal
decimal
decimal
neither
neither
neither
neither
decimal
neither
decimal
decimal
decimal
neither
decimal
decimal
neither
decimal
neither
decimal
decimal
decimal
neither
neither
decimal
decimal
neither
decimal
neither
decimal
neither
neither
neither
decimal
neither
neither
neither
neither
decimal
neither
neither
decimal
decimal
neither
neither
decimal
decimal
neither
decimal
decimal
neither
decimal
neither
decimal
decimal
decimal
decimal
decimal
decimal
decimal
neither
decimal
neither
decimal
decimal
neither
decimal
decimal
neither
decimal
decimal
neither
neither
decimal
neither
neither
decimal
decimal
neither
decimal
decimal
decimal
neither
neither
decimal
decimal
decimal
decimal
neither
decimal
neither
neither
decimal
neither
decimal
decimal
decimal
neither
decimal
decimal
decimal
decimal
neither
neither
neither
decimal
decimal
decimal
neither
decimal
neither
neither
neither
decimal
neither
neither
neither
decimal
decimal
decimal
decimal
neither
decimal
decimal
decimal
neither
decimal
neither
decimal
neither
neither
neither
neither
decimal
decimal
neither
neither
decimal
decimal
neither
decimal
neither
neither
decimal
neither
decimal
neither
decimal
neither
decimal
neither
decimal
decimal
decimal
decimal
decimal
decimal
decimal
decimal
neither
decimal
decimal
decimal
decimal
neither
decimal
decimal
neither
decimal
neither
decimal
neither
decimal
neither
neither
neither
decimal
neither
decimal
decimal
neither
decimal
decimal
neither
decimal
decimal
decimal
neither
decimal
neither
decimal
decimal
neither
neither
decimal
decimal
decimal
neither
decimal
neither
decimal
neither
neither
decimal
decimal
neither
decimal
decimal
decimal
decimal
decimal
neither
neither
neither
decimal
neither
neither
neither
neither
decimal
neither
decimal
neither
neither
neither
neither
decimal
decimal
neither
neither
decimal
neither
neither
neither
decimal
decimal
decimal
decimal
decimal
neither
neither
neither
decimal
decimal
neither
